// Jest Snapshot v1, https://goo.gl/fbAQLP

exports[`as-infowindow Rendering should render content 1`] = `"<as-infowindow><!----> <div class=\\"as-infowindow\\"><div class=\\"as-infowindow__content\\"> Hello there!</div><div class=\\"as-infowindow__hook\\"></div></div></as-infowindow>"`;

exports[`as-infowindow Rendering should render content and image 1`] = `"<as-infowindow src=\\"general_kenobi.jpg\\"><!---->Hello there!<div class=\\"as-infowindow\\"><div class=\\"as-infowindow__media\\"><img src=\\"general_kenobi.jpg\\"></div><div class=\\"as-infowindow__imageHook\\"><div class=\\"as-infowindow__imageHook--inner\\"><img src=\\"general_kenobi.jpg\\"></div></div></div></as-infowindow>"`;

exports[`as-infowindow Rendering should render content and image with custom width 1`] = `"<as-infowindow src=\\"general_kenobi.jpg\\" width=\\"calc(100% + 20px)\\"><!---->Hello there!<div class=\\"as-infowindow\\" style=\\"width: calc(100% + 20px);\\"><div class=\\"as-infowindow__media\\"><img src=\\"general_kenobi.jpg\\"></div><div class=\\"as-infowindow__imageHook\\"><div class=\\"as-infowindow__imageHook--inner\\"><img src=\\"general_kenobi.jpg\\" style=\\"width: calc(100% + 20px);\\"></div></div></div></as-infowindow>"`;

exports[`as-infowindow Rendering should render content with custom width 1`] = `"<as-infowindow width=\\"calc(100vw - 90px)\\"><!----> <div class=\\"as-infowindow\\" style=\\"width: calc(100vw - 90px);\\"><div class=\\"as-infowindow__content\\"> Hello there!</div><div class=\\"as-infowindow__hook\\"></div></div></as-infowindow>"`;

exports[`as-infowindow Rendering should render with only an image 1`] = `"<as-infowindow src=\\"general_kenobi.jpg\\"><!----><div class=\\"as-infowindow\\"><div class=\\"as-infowindow__media\\"><img src=\\"general_kenobi.jpg\\"></div><div class=\\"as-infowindow__imageHook\\"><div class=\\"as-infowindow__imageHook--inner\\"><img src=\\"general_kenobi.jpg\\"></div></div></div></as-infowindow>"`;

exports[`as-infowindow Rendering should render with only an image with a custom width 1`] = `"<as-infowindow src=\\"general_kenobi.jpg\\" width=\\"400px\\"><!----><div class=\\"as-infowindow\\" style=\\"width: 400px;\\"><div class=\\"as-infowindow__media\\"><img src=\\"general_kenobi.jpg\\"></div><div class=\\"as-infowindow__imageHook\\"><div class=\\"as-infowindow__imageHook--inner\\"><img src=\\"general_kenobi.jpg\\" style=\\"width: 400px;\\"></div></div></div></as-infowindow>"`;
