// Jest Snapshot v1, https://goo.gl/fbAQLP

exports[`as-range-slider Rendering can be rendered disabled 1`] = `"<as-range-slider class=\\"hydrated\\"><div class=\\"as-range-slider as-range-slider--disabled\\"><div class=\\"as-range-slider__rail\\"><as-range-slider-thumb class=\\"hydrated\\"><div role=\\"slider\\" tabindex=\\"-1\\" aria-valuetext=\\"0\\" aria-valuenow=\\"0\\" aria-valuemin=\\"0\\" aria-valuemax=\\"10\\" class=\\"as-range-slider__thumb as-range-slider__thumb--disabled\\" data-value=\\"0\\"><div class=\\"as-range-slider__thumb-handle\\"></div><span class=\\"as-caption as-font-medium as-range-slider__value as-range-slider__value--disabled\\">0</span></div></as-range-slider-thumb><as-range-slider-bar class=\\"hydrated\\"><div class=\\"as-range-slider__range-bar as-range-slider__range-bar--disabled\\"></div></as-range-slider-bar></div></div></as-range-slider>"`;

exports[`as-range-slider Rendering should render 1 thumb + 1 bar when using a value 1`] = `"<as-range-slider class=\\"hydrated\\"><div class=\\"as-range-slider\\"><div class=\\"as-range-slider__rail\\"><as-range-slider-thumb class=\\"hydrated\\"><div role=\\"slider\\" tabindex=\\"0\\" aria-valuetext=\\"5\\" aria-valuenow=\\"5\\" aria-valuemin=\\"0\\" aria-valuemax=\\"10\\" class=\\"as-range-slider__thumb\\" data-value=\\"5\\"><div class=\\"as-range-slider__thumb-handle\\"></div><span class=\\"as-caption as-font-medium as-range-slider__value\\">5</span></div></as-range-slider-thumb><as-range-slider-bar class=\\"hydrated\\"><div class=\\"as-range-slider__range-bar\\"></div></as-range-slider-bar></div></div></as-range-slider>"`;

exports[`as-range-slider Rendering should render 2 thumbs + 1 bar when using a range 1`] = `"<as-range-slider class=\\"hydrated\\"><div class=\\"as-range-slider\\"><div class=\\"as-range-slider__rail\\"><as-range-slider-thumb class=\\"hydrated\\"><div role=\\"slider\\" tabindex=\\"0\\" aria-valuetext=\\"2\\" aria-valuenow=\\"2\\" aria-valuemin=\\"0\\" aria-valuemax=\\"3\\" class=\\"as-range-slider__thumb\\" data-value=\\"2\\"><div class=\\"as-range-slider__thumb-handle\\"></div><span class=\\"as-caption as-font-medium as-range-slider__value\\">2</span></div></as-range-slider-thumb><as-range-slider-thumb class=\\"hydrated\\"><div role=\\"slider\\" tabindex=\\"0\\" aria-valuetext=\\"4\\" aria-valuenow=\\"4\\" aria-valuemin=\\"3\\" aria-valuemax=\\"10\\" class=\\"as-range-slider__thumb\\" data-value=\\"4\\"><div class=\\"as-range-slider__thumb-handle\\"></div><span class=\\"as-caption as-font-medium as-range-slider__value\\">4</span></div></as-range-slider-thumb><as-range-slider-bar class=\\"hydrated\\"><div class=\\"as-range-slider__range-bar\\"></div></as-range-slider-bar></div></div></as-range-slider>"`;

exports[`as-range-slider Rendering should render without parameters, using defaults 1`] = `"<as-range-slider class=\\"hydrated\\"><div class=\\"as-range-slider\\"><div class=\\"as-range-slider__rail\\"><as-range-slider-thumb class=\\"hydrated\\"><div role=\\"slider\\" tabindex=\\"0\\" aria-valuetext=\\"0\\" aria-valuenow=\\"0\\" aria-valuemin=\\"0\\" aria-valuemax=\\"10\\" class=\\"as-range-slider__thumb\\" data-value=\\"0\\"><div class=\\"as-range-slider__thumb-handle\\"></div><span class=\\"as-caption as-font-medium as-range-slider__value\\">0</span></div></as-range-slider-thumb><as-range-slider-bar class=\\"hydrated\\"><div class=\\"as-range-slider__range-bar\\"></div></as-range-slider-bar></div></div></as-range-slider>"`;
