// Jest Snapshot v1, https://goo.gl/fbAQLP

exports[`as-range-slider-bar Rendering should render a bar with its values 1`] = `"<as-range-slider-bar class=\\"hydrated\\"><div class=\\"as-range-slider__range-bar\\" style=\\"left: 20%; width: 60%;\\"></div></as-range-slider-bar>"`;
