// Jest Snapshot v1, https://goo.gl/fbAQLP

exports[`as-legend-size-bins-line Rendering basic 1`] = `"<as-legend-size-bins-line class=\\"hydrated\\"> <div class=\\"as-legend-size-bins-line--outer-wrapper as-legend-size-bins-line--vertical\\"><div class=\\"as-legend-size-bins-line--wrapper as-legend-size-bins-line--color\\"><div class=\\"as-legend-size-bins-line--step\\" style=\\"width: 10px;\\"></div><div class=\\"as-legend-size-bins-line--step\\" style=\\"width: 12px;\\"></div><div class=\\"as-legend-size-bins-line--step\\" style=\\"width: 14px;\\"></div></div><div class=\\"as-legend-size-bins-line--wrapper as-legend-size-bins-line--labels\\"><div class=\\"as-legend-size-bins-line--label\\"><span>point label</span></div><div class=\\"as-legend-size-bins-line--label\\"><span>line label</span></div><div class=\\"as-legend-size-bins-line--label\\"><span>polygon label</span></div></div></div></as-legend-size-bins-line>"`;

exports[`as-legend-size-bins-line Rendering basic horizontal 1`] = `"<as-legend-size-bins-line class=\\"hydrated\\"> <div class=\\"as-legend-size-bins-line--outer-wrapper as-legend-size-bins-line--horizontal\\"><div class=\\"as-legend-size-bins-line--wrapper as-legend-size-bins-line--color\\"><div class=\\"as-legend-size-bins-line--step\\" style=\\"height: 10px;\\"></div><div class=\\"as-legend-size-bins-line--step\\" style=\\"height: 12px;\\"></div><div class=\\"as-legend-size-bins-line--step\\" style=\\"height: 14px;\\"></div></div><div class=\\"as-legend-size-bins-line--wrapper as-legend-size-bins-line--labels\\"><div class=\\"as-legend-size-bins-line--label\\"><span>point label</span></div><div class=\\"as-legend-size-bins-line--label\\"><span>line label</span></div><div class=\\"as-legend-size-bins-line--label\\"><span>polygon label</span></div></div></div></as-legend-size-bins-line>"`;
