// Jest Snapshot v1, https://goo.gl/fbAQLP

exports[`as-legend-size-continuous-line Rendering basic 1`] = `"<as-legend-size-continuous-line class=\\"hydrated\\"> <svg class=\\"as-legend-size-continuous-line--vertical\\" viewBox=\\"0 -15 330 330\\" style=\\"height: 330px; width: 330px;\\"><g><path d=\\"M0 300 L14 300 L13 150 L12 0 L2 0 L1 150 L0 300 Z\\"></path><g><line stroke-width=\\"0.5\\" x1=\\"14\\" y1=\\"299.5\\" x2=\\"18\\" y2=\\"299.5\\"></line><line stroke-width=\\"0.5\\" x1=\\"13\\" y1=\\"150\\" x2=\\"18\\" y2=\\"150\\"></line><line stroke-width=\\"0.5\\" x1=\\"12\\" y1=\\"0.5\\" x2=\\"18\\" y2=\\"0.5\\"></line></g><g><text x=\\"22\\" y=\\"302.5\\">polygon label</text><text x=\\"22\\" y=\\"153\\">line label</text><text x=\\"22\\" y=\\"3.5\\">point label</text></g></g></svg></as-legend-size-continuous-line>"`;

exports[`as-legend-size-continuous-line Rendering basic horizontal 1`] = `"<as-legend-size-continuous-line class=\\"hydrated\\"> <svg class=\\"as-legend-size-continuous-line--horizontal\\" viewBox=\\"-15 -1.5 330 33\\" style=\\"height: 33px; width: 330px;\\"><g><path d=\\"M300 0 L300 14 L150 13 L0 12 L0 2 L150 1 L300 0 Z\\"></path><g><line stroke-width=\\"0.5\\" x1=\\"299.5\\" y1=\\"14\\" x2=\\"299.5\\" y2=\\"18\\"></line><line stroke-width=\\"0.5\\" x1=\\"150\\" y1=\\"13\\" x2=\\"150\\" y2=\\"18\\"></line><line stroke-width=\\"0.5\\" x1=\\"0.5\\" y1=\\"12\\" x2=\\"0.5\\" y2=\\"18\\"></line></g><g><text x=\\"299.5\\" y=\\"30\\">polygon label</text><text x=\\"150\\" y=\\"30\\">line label</text><text x=\\"0.5\\" y=\\"30\\">point label</text></g></g></svg></as-legend-size-continuous-line>"`;
