// Jest Snapshot v1, https://goo.gl/fbAQLP

exports[`as-legend-color-continuous-polygon Rendering basic 1`] = `"<as-legend-color-continuous-polygon class=\\"hydrated\\"> <div class=\\"as-legend-color-continuous-polygon--outer-wrapper as-legend-color-continuous-polygon--vertical\\"><div class=\\"as-legend-color-continuous-polygon--wrapper as-legend-color-continuous-polygon--color\\"><div class=\\"as-legend-color-continuous-polygon--step\\" style=\\"background-image: linear-gradient(rgb(255, 0, 0), rgb(0, 255, 0));\\"></div><div class=\\"as-legend-color-continuous-polygon--step\\" style=\\"background-image: linear-gradient(rgb(0, 255, 0), rgb(0, 0, 255));\\"></div></div><div class=\\"as-legend-color-continuous-polygon--wrapper as-legend-color-continuous-polygon--labels\\"><div class=\\"as-legend-color-continuous-polygon--label\\"><span>line label</span></div><div class=\\"as-legend-color-continuous-polygon--label\\"><span>polygon label</span></div></div></div></as-legend-color-continuous-polygon>"`;

exports[`as-legend-color-continuous-polygon Rendering basic horizontal 1`] = `"<as-legend-color-continuous-polygon class=\\"hydrated\\"> <div class=\\"as-legend-color-continuous-polygon--outer-wrapper as-legend-color-continuous-polygon--horizontal\\"><div class=\\"as-legend-color-continuous-polygon--wrapper as-legend-color-continuous-polygon--color\\"><div class=\\"as-legend-color-continuous-polygon--step\\" style=\\"background-image: linear-gradient(0.25turn, rgb(255, 0, 0), rgb(0, 255, 0));\\"></div><div class=\\"as-legend-color-continuous-polygon--step\\" style=\\"background-image: linear-gradient(0.25turn, rgb(0, 255, 0), rgb(0, 0, 255));\\"></div></div><div class=\\"as-legend-color-continuous-polygon--wrapper as-legend-color-continuous-polygon--labels\\"><div class=\\"as-legend-color-continuous-polygon--label\\"><span>point label</span></div><div class=\\"as-legend-color-continuous-polygon--label\\"><span>line label</span></div></div></div></as-legend-color-continuous-polygon>"`;
