// Jest Snapshot v1, https://goo.gl/fbAQLP

exports[`as-legend-size-continuous-point Rendering basic 1`] = `"<as-legend-size-continuous-point class=\\"hydrated\\"> <div class=\\"as-legend-size-continuous-point--wrapper as-legend-size-continuous-point--vertical\\"><span class=\\"as-legend-size-continuous-point--label\\">point label</span><div class=\\"as-legend-size-continuous-point--steps\\" style=\\"height: 14px; width: 14px;\\"><div class=\\"as-legend-size-continuous-point--circle\\" style=\\"height: 16px; width: 16px;\\"></div><div class=\\"as-legend-size-continuous-point--circle\\" style=\\"height: 14px; width: 14px;\\"></div><div class=\\"as-legend-size-continuous-point--circle\\" style=\\"height: 12px; width: 12px;\\"></div></div><span class=\\"as-legend-size-continuous-point--label\\">polygon label</span></div></as-legend-size-continuous-point>"`;

exports[`as-legend-size-continuous-point Rendering basic horizontal 1`] = `"<as-legend-size-continuous-point class=\\"hydrated\\"> <div class=\\"as-legend-size-continuous-point--wrapper as-legend-size-continuous-point--horizontal\\"><span class=\\"as-legend-size-continuous-point--label\\">point label</span><div class=\\"as-legend-size-continuous-point--steps\\" style=\\"height: 14px; width: 14px;\\"><div class=\\"as-legend-size-continuous-point--circle\\" style=\\"height: 16px; width: 16px;\\"></div><div class=\\"as-legend-size-continuous-point--circle\\" style=\\"height: 14px; width: 14px;\\"></div><div class=\\"as-legend-size-continuous-point--circle\\" style=\\"height: 12px; width: 12px;\\"></div></div><span class=\\"as-legend-size-continuous-point--label\\">polygon label</span></div></as-legend-size-continuous-point>"`;
