// Jest Snapshot v1, https://goo.gl/fbAQLP

exports[`as-responsive-content Rendering should render properly 1`] = `
<as-responsive-content
  class="hydrated"
>
  
  
  
  
  
  
  
  
  <div
    class="as-toolbar-tabs as-tabs as-tabs--xl"
    role="tablist"
  >
    <button
      class="as-tabs__item as-tabs__item--active"
      role="tab"
    >
      Map
    </button>
    <button
      class="as-tabs__item"
      role="tab"
    >
      Sidebar 0
    </button>
    <button
      class="as-tabs__item"
      role="tab"
    >
      Sidebar 1
    </button>
    <button
      class="as-tabs__item"
      role="tab"
    >
      Panel 0
    </button>
    <button
      class="as-tabs__item"
      role="tab"
    >
      Bottom Bar
    </button>
  </div>
  <section
    class="as-content"
  >
    
    
  
    <aside
      class="as-sidebar as-sidebar--left"
    >
      Left Sidebar
    </aside>
    

  
    <main
      class="as-main"
    >
      
    
      <div
        class="as-map-area"
      >
        
      
        <div
          id="map"
        />
        
      
        <div
          class="as-map-panels"
        >
          
        
          <div
            class="as-panel as-panel--top as-panel--right"
          >
            
          
            <div
              class="as-panel__element"
            >
              Floating Panel
            </div>
            
        
          </div>
          
      
        </div>
        
    
      </div>
      

    
      <div
        class="as-map-footer"
      >
        Bottom Bar
      </div>
      
  
    </main>
    

  
    <aside
      class="as-sidebar as-sidebar--right"
    >
      Right Sidebar
    </aside>
    

  </section>
</as-responsive-content>
`;
