// Jest Snapshot v1, https://goo.gl/fbAQLP

exports[`as-histogram-widget Rendering should not render header when showHeader is false 1`] = `"<as-histogram-widget class=\\"hydrated\\"><div class=\\"as-histogram-widget__wrapper\\"><span role=\\"tooltip\\" class=\\"as-histogram-widget__tooltip\\"></span><svg><g class=\\"yAxis\\" transform=\\"translate(30, 5)\\" fill=\\"none\\" font-size=\\"10\\" font-family=\\"sans-serif\\" text-anchor=\\"end\\"></g><g class=\\"xAxis\\" transform=\\"translate(30, 130)\\" fill=\\"none\\" font-size=\\"10\\" font-family=\\"sans-serif\\" text-anchor=\\"middle\\"><g class=\\"tick\\" opacity=\\"1\\" transform=\\"translate(0.5,0)\\"><text fill=\\"currentColor\\" y=\\"10\\" dy=\\"0.71em\\">0</text></g></g><g transform=\\"translate(30, 5)\\"></g><g class=\\"brush\\" fill=\\"none\\" pointer-events=\\"all\\"><rect class=\\"overlay\\" pointer-events=\\"all\\" cursor=\\"crosshair\\" x=\\"30\\" y=\\"5\\" width=\\"764\\" height=\\"125\\"></rect><rect class=\\"selection\\" cursor=\\"move\\" fill=\\"#777\\" fill-opacity=\\"0.3\\" stroke=\\"#fff\\" shape-rendering=\\"crispEdges\\"></rect><rect class=\\"handle handle--e\\" cursor=\\"ew-resize\\"></rect><rect class=\\"handle handle--w\\" cursor=\\"ew-resize\\"></rect><rect class=\\"handle--custom\\" fill=\\"var(--as-color-complementary, #47DB99)\\" cursor=\\"ew-resize\\" width=\\"15\\" height=\\"15\\" rx=\\"100\\" ry=\\"100\\"></rect><rect class=\\"handle--custom\\" fill=\\"var(--as-color-complementary, #47DB99)\\" cursor=\\"ew-resize\\" width=\\"15\\" height=\\"15\\" rx=\\"100\\" ry=\\"100\\"></rect><line class=\\"bottomline\\" stroke=\\"var(--as-color-complementary, #47DB99)\\" stroke-width=\\"4\\" y1=\\"130\\" y2=\\"130\\" pointer-events=\\"none\\"></line></g></svg></div></as-histogram-widget>"`;

exports[`as-histogram-widget Rendering should render clear button 1`] = `"<as-histogram-widget class=\\"hydrated\\"><h2 class=\\"as-histogram-widget__header\\"></h2><p class=\\"as-histogram-widget__description as-body\\"></p><div class=\\"as-histogram-widget__wrapper\\"><span role=\\"tooltip\\" class=\\"as-histogram-widget__tooltip\\"></span><svg><g class=\\"yAxis\\" transform=\\"translate(30, 5)\\" fill=\\"none\\" font-size=\\"10\\" font-family=\\"sans-serif\\" text-anchor=\\"end\\"><g class=\\"tick\\" opacity=\\"1\\" transform=\\"translate(0,125.5)\\"><line stroke=\\"currentColor\\" x2=\\"744\\"></line><text fill=\\"currentColor\\" x=\\"-10\\" dy=\\"0.32em\\">0</text></g><g class=\\"tick\\" opacity=\\"1\\" transform=\\"translate(0,94.25)\\"><line stroke=\\"currentColor\\" x2=\\"744\\"></line><text fill=\\"currentColor\\" x=\\"-10\\" dy=\\"0.32em\\">5</text></g><g class=\\"tick\\" opacity=\\"1\\" transform=\\"translate(0,63)\\"><line stroke=\\"currentColor\\" x2=\\"744\\"></line><text fill=\\"currentColor\\" x=\\"-10\\" dy=\\"0.32em\\">10</text></g><g class=\\"tick\\" opacity=\\"1\\" transform=\\"translate(0,31.75)\\"><line stroke=\\"currentColor\\" x2=\\"744\\"></line><text fill=\\"currentColor\\" x=\\"-10\\" dy=\\"0.32em\\">15</text></g><g class=\\"tick\\" opacity=\\"1\\" transform=\\"translate(0,0.5)\\"><line stroke=\\"currentColor\\" x2=\\"744\\"></line><text fill=\\"currentColor\\" x=\\"-10\\" dy=\\"0.32em\\">20</text></g></g><g class=\\"xAxis\\" transform=\\"translate(30, 130)\\" fill=\\"none\\" font-size=\\"10\\" font-family=\\"sans-serif\\" text-anchor=\\"middle\\"><g class=\\"tick\\" opacity=\\"1\\" transform=\\"translate(0.5,0)\\"><text fill=\\"currentColor\\" y=\\"10\\" dy=\\"0.71em\\">0</text></g><g class=\\"tick\\" opacity=\\"1\\" transform=\\"translate(186.5,0)\\"><text fill=\\"currentColor\\" y=\\"10\\" dy=\\"0.71em\\">10</text></g><g class=\\"tick\\" opacity=\\"1\\" transform=\\"translate(372.5,0)\\"><text fill=\\"currentColor\\" y=\\"10\\" dy=\\"0.71em\\">20</text></g><g class=\\"tick\\" opacity=\\"1\\" transform=\\"translate(558.5,0)\\"><text fill=\\"currentColor\\" y=\\"10\\" dy=\\"0.71em\\">30</text></g><g class=\\"tick\\" opacity=\\"1\\" transform=\\"translate(744.5,0)\\"><text fill=\\"currentColor\\" y=\\"10\\" dy=\\"0.71em\\">40</text></g></g><g transform=\\"translate(30, 5)\\"><rect class=\\"bar\\" y=\\"125\\" x=\\"0\\" width=\\"185\\" height=\\"0\\"></rect><rect class=\\"bar\\" y=\\"125\\" x=\\"186\\" width=\\"185\\" height=\\"0\\"></rect><rect class=\\"bar\\" y=\\"125\\" x=\\"372\\" width=\\"185\\" height=\\"0\\"></rect><rect class=\\"bar\\" y=\\"125\\" x=\\"558\\" width=\\"185\\" height=\\"0\\"></rect></g><g class=\\"brush\\" fill=\\"none\\" pointer-events=\\"all\\"><rect class=\\"overlay\\" pointer-events=\\"all\\" cursor=\\"crosshair\\" x=\\"30\\" y=\\"5\\" width=\\"764\\" height=\\"125\\"></rect><rect class=\\"selection\\" cursor=\\"move\\" fill=\\"#777\\" fill-opacity=\\"0.3\\" stroke=\\"#fff\\" shape-rendering=\\"crispEdges\\"></rect><rect class=\\"handle handle--e\\" cursor=\\"ew-resize\\"></rect><rect class=\\"handle handle--w\\" cursor=\\"ew-resize\\"></rect><rect class=\\"handle--custom\\" fill=\\"var(--as-color-complementary, #47DB99)\\" cursor=\\"ew-resize\\" width=\\"15\\" height=\\"15\\" rx=\\"100\\" ry=\\"100\\"></rect><rect class=\\"handle--custom\\" fill=\\"var(--as-color-complementary, #47DB99)\\" cursor=\\"ew-resize\\" width=\\"15\\" height=\\"15\\" rx=\\"100\\" ry=\\"100\\"></rect><line class=\\"bottomline\\" stroke=\\"var(--as-color-complementary, #47DB99)\\" stroke-width=\\"4\\" y1=\\"130\\" y2=\\"130\\" pointer-events=\\"none\\"></line></g></svg></div><button class=\\"as-btn as-btn--primary as-btn--s as-histogram-widget__clear\\">Clear selection</button></as-histogram-widget>"`;

exports[`as-histogram-widget Rendering should render colors properly 1`] = `"<as-histogram-widget class=\\"hydrated\\"><h2 class=\\"as-histogram-widget__header\\"></h2><p class=\\"as-histogram-widget__description as-body\\"></p><div class=\\"as-histogram-widget__wrapper\\"><span role=\\"tooltip\\" class=\\"as-histogram-widget__tooltip\\"></span><svg><g class=\\"yAxis\\" transform=\\"translate(30, 5)\\" fill=\\"none\\" font-size=\\"10\\" font-family=\\"sans-serif\\" text-anchor=\\"end\\"><g class=\\"tick\\" opacity=\\"1\\" transform=\\"translate(0,125.5)\\"><line stroke=\\"currentColor\\" x2=\\"744\\"></line><text fill=\\"currentColor\\" x=\\"-10\\" dy=\\"0.32em\\">0</text></g><g class=\\"tick\\" opacity=\\"1\\" transform=\\"translate(0,94.25)\\"><line stroke=\\"currentColor\\" x2=\\"744\\"></line><text fill=\\"currentColor\\" x=\\"-10\\" dy=\\"0.32em\\">5</text></g><g class=\\"tick\\" opacity=\\"1\\" transform=\\"translate(0,63)\\"><line stroke=\\"currentColor\\" x2=\\"744\\"></line><text fill=\\"currentColor\\" x=\\"-10\\" dy=\\"0.32em\\">10</text></g><g class=\\"tick\\" opacity=\\"1\\" transform=\\"translate(0,31.75)\\"><line stroke=\\"currentColor\\" x2=\\"744\\"></line><text fill=\\"currentColor\\" x=\\"-10\\" dy=\\"0.32em\\">15</text></g><g class=\\"tick\\" opacity=\\"1\\" transform=\\"translate(0,0.5)\\"><line stroke=\\"currentColor\\" x2=\\"744\\"></line><text fill=\\"currentColor\\" x=\\"-10\\" dy=\\"0.32em\\">20</text></g></g><g class=\\"xAxis\\" transform=\\"translate(30, 130)\\" fill=\\"none\\" font-size=\\"10\\" font-family=\\"sans-serif\\" text-anchor=\\"middle\\"><g class=\\"tick\\" opacity=\\"1\\" transform=\\"translate(0.5,0)\\"><text fill=\\"currentColor\\" y=\\"10\\" dy=\\"0.71em\\">0</text></g><g class=\\"tick\\" opacity=\\"1\\" transform=\\"translate(186.5,0)\\"><text fill=\\"currentColor\\" y=\\"10\\" dy=\\"0.71em\\">10</text></g><g class=\\"tick\\" opacity=\\"1\\" transform=\\"translate(372.5,0)\\"><text fill=\\"currentColor\\" y=\\"10\\" dy=\\"0.71em\\">20</text></g><g class=\\"tick\\" opacity=\\"1\\" transform=\\"translate(558.5,0)\\"><text fill=\\"currentColor\\" y=\\"10\\" dy=\\"0.71em\\">30</text></g><g class=\\"tick\\" opacity=\\"1\\" transform=\\"translate(744.5,0)\\"><text fill=\\"currentColor\\" y=\\"10\\" dy=\\"0.71em\\">40</text></g></g><g transform=\\"translate(30, 5)\\"><rect class=\\"bar\\" y=\\"125\\" x=\\"0\\" width=\\"185\\" height=\\"0\\"></rect><rect class=\\"bar\\" y=\\"125\\" x=\\"186\\" width=\\"185\\" height=\\"0\\"></rect><rect class=\\"bar\\" y=\\"125\\" x=\\"372\\" width=\\"185\\" height=\\"0\\"></rect><rect class=\\"bar\\" y=\\"125\\" x=\\"558\\" width=\\"185\\" height=\\"0\\"></rect></g><g class=\\"brush\\" fill=\\"none\\" pointer-events=\\"all\\"><rect class=\\"overlay\\" pointer-events=\\"all\\" cursor=\\"crosshair\\" x=\\"30\\" y=\\"5\\" width=\\"764\\" height=\\"125\\"></rect><rect class=\\"selection\\" cursor=\\"move\\" fill=\\"#777\\" fill-opacity=\\"0.3\\" stroke=\\"#fff\\" shape-rendering=\\"crispEdges\\"></rect><rect class=\\"handle handle--e\\" cursor=\\"ew-resize\\"></rect><rect class=\\"handle handle--w\\" cursor=\\"ew-resize\\"></rect><rect class=\\"handle--custom\\" fill=\\"var(--as-color-complementary, #47DB99)\\" cursor=\\"ew-resize\\" width=\\"15\\" height=\\"15\\" rx=\\"100\\" ry=\\"100\\"></rect><rect class=\\"handle--custom\\" fill=\\"var(--as-color-complementary, #47DB99)\\" cursor=\\"ew-resize\\" width=\\"15\\" height=\\"15\\" rx=\\"100\\" ry=\\"100\\"></rect><line class=\\"bottomline\\" stroke=\\"var(--as-color-complementary, #47DB99)\\" stroke-width=\\"4\\" y1=\\"130\\" y2=\\"130\\" pointer-events=\\"none\\"></line></g></svg></div></as-histogram-widget>"`;

exports[`as-histogram-widget Rendering should render properly 1`] = `"<as-histogram-widget class=\\"hydrated\\"><h2 class=\\"as-histogram-widget__header\\">Histogram Widget Example</h2><p class=\\"as-histogram-widget__description as-body\\">Description for Histogram Widget</p><div class=\\"as-histogram-widget__wrapper\\"><span role=\\"tooltip\\" class=\\"as-histogram-widget__tooltip\\"></span><svg><g class=\\"yAxis\\" transform=\\"translate(30, 5)\\" fill=\\"none\\" font-size=\\"10\\" font-family=\\"sans-serif\\" text-anchor=\\"end\\"><g class=\\"tick\\" opacity=\\"1\\" transform=\\"translate(0,125.5)\\"><line stroke=\\"currentColor\\" x2=\\"744\\"></line><text fill=\\"currentColor\\" x=\\"-10\\" dy=\\"0.32em\\">0</text></g><g class=\\"tick\\" opacity=\\"1\\" transform=\\"translate(0,94.25)\\"><line stroke=\\"currentColor\\" x2=\\"744\\"></line><text fill=\\"currentColor\\" x=\\"-10\\" dy=\\"0.32em\\">5</text></g><g class=\\"tick\\" opacity=\\"1\\" transform=\\"translate(0,63)\\"><line stroke=\\"currentColor\\" x2=\\"744\\"></line><text fill=\\"currentColor\\" x=\\"-10\\" dy=\\"0.32em\\">10</text></g><g class=\\"tick\\" opacity=\\"1\\" transform=\\"translate(0,31.75)\\"><line stroke=\\"currentColor\\" x2=\\"744\\"></line><text fill=\\"currentColor\\" x=\\"-10\\" dy=\\"0.32em\\">15</text></g><g class=\\"tick\\" opacity=\\"1\\" transform=\\"translate(0,0.5)\\"><line stroke=\\"currentColor\\" x2=\\"744\\"></line><text fill=\\"currentColor\\" x=\\"-10\\" dy=\\"0.32em\\">20</text></g></g><g class=\\"xAxis\\" transform=\\"translate(30, 130)\\" fill=\\"none\\" font-size=\\"10\\" font-family=\\"sans-serif\\" text-anchor=\\"middle\\"><g class=\\"tick\\" opacity=\\"1\\" transform=\\"translate(0.5,0)\\"><text fill=\\"currentColor\\" y=\\"10\\" dy=\\"0.71em\\">0</text></g><g class=\\"tick\\" opacity=\\"1\\" transform=\\"translate(186.5,0)\\"><text fill=\\"currentColor\\" y=\\"10\\" dy=\\"0.71em\\">10</text></g><g class=\\"tick\\" opacity=\\"1\\" transform=\\"translate(372.5,0)\\"><text fill=\\"currentColor\\" y=\\"10\\" dy=\\"0.71em\\">20</text></g><g class=\\"tick\\" opacity=\\"1\\" transform=\\"translate(558.5,0)\\"><text fill=\\"currentColor\\" y=\\"10\\" dy=\\"0.71em\\">30</text></g><g class=\\"tick\\" opacity=\\"1\\" transform=\\"translate(744.5,0)\\"><text fill=\\"currentColor\\" y=\\"10\\" dy=\\"0.71em\\">40</text></g></g><g transform=\\"translate(30, 5)\\"><rect class=\\"bar\\" y=\\"125\\" x=\\"0\\" width=\\"185\\" height=\\"0\\"></rect><rect class=\\"bar\\" y=\\"125\\" x=\\"186\\" width=\\"185\\" height=\\"0\\"></rect><rect class=\\"bar\\" y=\\"125\\" x=\\"372\\" width=\\"185\\" height=\\"0\\"></rect><rect class=\\"bar\\" y=\\"125\\" x=\\"558\\" width=\\"185\\" height=\\"0\\"></rect></g><g class=\\"brush\\" fill=\\"none\\" pointer-events=\\"all\\"><rect class=\\"overlay\\" pointer-events=\\"all\\" cursor=\\"crosshair\\" x=\\"30\\" y=\\"5\\" width=\\"764\\" height=\\"125\\"></rect><rect class=\\"selection\\" cursor=\\"move\\" fill=\\"#777\\" fill-opacity=\\"0.3\\" stroke=\\"#fff\\" shape-rendering=\\"crispEdges\\"></rect><rect class=\\"handle handle--e\\" cursor=\\"ew-resize\\"></rect><rect class=\\"handle handle--w\\" cursor=\\"ew-resize\\"></rect><rect class=\\"handle--custom\\" fill=\\"var(--as-color-complementary, #47DB99)\\" cursor=\\"ew-resize\\" width=\\"15\\" height=\\"15\\" rx=\\"100\\" ry=\\"100\\"></rect><rect class=\\"handle--custom\\" fill=\\"var(--as-color-complementary, #47DB99)\\" cursor=\\"ew-resize\\" width=\\"15\\" height=\\"15\\" rx=\\"100\\" ry=\\"100\\"></rect><line class=\\"bottomline\\" stroke=\\"var(--as-color-complementary, #47DB99)\\" stroke-width=\\"4\\" y1=\\"130\\" y2=\\"130\\" pointer-events=\\"none\\"></line></g></svg></div><button class=\\"as-btn as-btn--primary as-btn--s as-histogram-widget__clear\\">Clear selection</button></as-histogram-widget>"`;

exports[`as-histogram-widget Rendering should render selection properly 1`] = `"<as-histogram-widget class=\\"hydrated\\"><h2 class=\\"as-histogram-widget__header\\"></h2><p class=\\"as-histogram-widget__description as-body\\"></p><div class=\\"as-histogram-widget__wrapper\\"><span role=\\"tooltip\\" class=\\"as-histogram-widget__tooltip\\"></span><svg><g class=\\"yAxis\\" transform=\\"translate(30, 5)\\" fill=\\"none\\" font-size=\\"10\\" font-family=\\"sans-serif\\" text-anchor=\\"end\\"><g class=\\"tick\\" opacity=\\"1\\" transform=\\"translate(0,125.5)\\"><line stroke=\\"currentColor\\" x2=\\"744\\"></line><text fill=\\"currentColor\\" x=\\"-10\\" dy=\\"0.32em\\">0</text></g><g class=\\"tick\\" opacity=\\"1\\" transform=\\"translate(0,94.25)\\"><line stroke=\\"currentColor\\" x2=\\"744\\"></line><text fill=\\"currentColor\\" x=\\"-10\\" dy=\\"0.32em\\">5</text></g><g class=\\"tick\\" opacity=\\"1\\" transform=\\"translate(0,63)\\"><line stroke=\\"currentColor\\" x2=\\"744\\"></line><text fill=\\"currentColor\\" x=\\"-10\\" dy=\\"0.32em\\">10</text></g><g class=\\"tick\\" opacity=\\"1\\" transform=\\"translate(0,31.75)\\"><line stroke=\\"currentColor\\" x2=\\"744\\"></line><text fill=\\"currentColor\\" x=\\"-10\\" dy=\\"0.32em\\">15</text></g><g class=\\"tick\\" opacity=\\"1\\" transform=\\"translate(0,0.5)\\"><line stroke=\\"currentColor\\" x2=\\"744\\"></line><text fill=\\"currentColor\\" x=\\"-10\\" dy=\\"0.32em\\">20</text></g></g><g class=\\"xAxis\\" transform=\\"translate(30, 130)\\" fill=\\"none\\" font-size=\\"10\\" font-family=\\"sans-serif\\" text-anchor=\\"middle\\"><g class=\\"tick\\" opacity=\\"1\\" transform=\\"translate(0.5,0)\\"><text fill=\\"currentColor\\" y=\\"10\\" dy=\\"0.71em\\">0</text></g><g class=\\"tick\\" opacity=\\"1\\" transform=\\"translate(186.5,0)\\"><text fill=\\"currentColor\\" y=\\"10\\" dy=\\"0.71em\\">10</text></g><g class=\\"tick\\" opacity=\\"1\\" transform=\\"translate(372.5,0)\\"><text fill=\\"currentColor\\" y=\\"10\\" dy=\\"0.71em\\">20</text></g><g class=\\"tick\\" opacity=\\"1\\" transform=\\"translate(558.5,0)\\"><text fill=\\"currentColor\\" y=\\"10\\" dy=\\"0.71em\\">30</text></g><g class=\\"tick\\" opacity=\\"1\\" transform=\\"translate(744.5,0)\\"><text fill=\\"currentColor\\" y=\\"10\\" dy=\\"0.71em\\">40</text></g></g><g transform=\\"translate(30, 5)\\"><rect class=\\"bar\\" y=\\"125\\" x=\\"0\\" width=\\"185\\" height=\\"0\\"></rect><rect class=\\"bar\\" y=\\"125\\" x=\\"186\\" width=\\"185\\" height=\\"0\\"></rect><rect class=\\"bar\\" y=\\"125\\" x=\\"372\\" width=\\"185\\" height=\\"0\\"></rect><rect class=\\"bar\\" y=\\"125\\" x=\\"558\\" width=\\"185\\" height=\\"0\\"></rect></g><g class=\\"brush\\" fill=\\"none\\" pointer-events=\\"all\\"><rect class=\\"overlay\\" pointer-events=\\"all\\" cursor=\\"crosshair\\" x=\\"30\\" y=\\"5\\" width=\\"764\\" height=\\"125\\"></rect><rect class=\\"selection\\" cursor=\\"move\\" fill=\\"#777\\" fill-opacity=\\"0.3\\" stroke=\\"#fff\\" shape-rendering=\\"crispEdges\\"></rect><rect class=\\"handle handle--e\\" cursor=\\"ew-resize\\"></rect><rect class=\\"handle handle--w\\" cursor=\\"ew-resize\\"></rect><rect class=\\"handle--custom\\" fill=\\"var(--as-color-complementary, #47DB99)\\" cursor=\\"ew-resize\\" width=\\"15\\" height=\\"15\\" rx=\\"100\\" ry=\\"100\\"></rect><rect class=\\"handle--custom\\" fill=\\"var(--as-color-complementary, #47DB99)\\" cursor=\\"ew-resize\\" width=\\"15\\" height=\\"15\\" rx=\\"100\\" ry=\\"100\\"></rect><line class=\\"bottomline\\" stroke=\\"var(--as-color-complementary, #47DB99)\\" stroke-width=\\"4\\" y1=\\"130\\" y2=\\"130\\" pointer-events=\\"none\\"></line></g></svg></div></as-histogram-widget>"`;
