// Jest Snapshot v1, https://goo.gl/fbAQLP

exports[`as-legend-size-bins-point Rendering basic 1`] = `"<as-legend-size-bins-point class=\\"hydrated\\"> <div class=\\"as-legend-size-bins-point--steps as-legend-size-bins-point--vertical\\"><div class=\\"as-legend-size-bins-point--step\\"><div class=\\"as-legend-size-bins-point--circle-wrapper\\" style=\\"width: 16px;\\"><div class=\\"as-legend-size-bins-point--circle\\" style=\\"height: 12px; width: 12px;\\"></div></div><span class=\\"as-legend-size-bins-point--label\\">point label</span></div><div class=\\"as-legend-size-bins-point--step\\"><div class=\\"as-legend-size-bins-point--circle-wrapper\\" style=\\"width: 16px;\\"><div class=\\"as-legend-size-bins-point--circle\\" style=\\"height: 14px; width: 14px;\\"></div></div><span class=\\"as-legend-size-bins-point--label\\">line label</span></div><div class=\\"as-legend-size-bins-point--step\\"><div class=\\"as-legend-size-bins-point--circle-wrapper\\" style=\\"width: 16px;\\"><div class=\\"as-legend-size-bins-point--circle\\" style=\\"height: 16px; width: 16px;\\"></div></div><span class=\\"as-legend-size-bins-point--label\\">polygon label</span></div></div></as-legend-size-bins-point>"`;

exports[`as-legend-size-bins-point Rendering basic horizontal 1`] = `"<as-legend-size-bins-point class=\\"hydrated\\"> <div class=\\"as-legend-size-bins-point--steps as-legend-size-bins-point--horizontal\\"><div class=\\"as-legend-size-bins-point--step\\"><div class=\\"as-legend-size-bins-point--circle-wrapper\\" style=\\"height: 16px;\\"><div class=\\"as-legend-size-bins-point--circle\\" style=\\"height: 12px; width: 12px;\\"></div></div><span class=\\"as-legend-size-bins-point--label\\">point label</span></div><div class=\\"as-legend-size-bins-point--step\\"><div class=\\"as-legend-size-bins-point--circle-wrapper\\" style=\\"height: 16px;\\"><div class=\\"as-legend-size-bins-point--circle\\" style=\\"height: 14px; width: 14px;\\"></div></div><span class=\\"as-legend-size-bins-point--label\\">line label</span></div><div class=\\"as-legend-size-bins-point--step\\"><div class=\\"as-legend-size-bins-point--circle-wrapper\\" style=\\"height: 16px;\\"><div class=\\"as-legend-size-bins-point--circle\\" style=\\"height: 16px; width: 16px;\\"></div></div><span class=\\"as-legend-size-bins-point--label\\">polygon label</span></div></div></as-legend-size-bins-point>"`;

exports[`as-legend-size-bins-point Rendering markers 1`] = `"<as-legend-size-bins-point class=\\"hydrated\\"> <div class=\\"as-legend-size-bins-point--steps as-legend-size-bins-point--horizontal\\"><div class=\\"as-legend-size-bins-point--step\\"><div class=\\"as-legend-size-bins-point--circle-wrapper\\" style=\\"height: 16px;\\"><div class=\\"as-legend-size-bins-point--circle\\" style=\\"height: 12px; width: 12px; -webkit-mask-image: url(\\"wadus\\"); -webkit-mask-position: center center; -webkit-mask-repeat: no-repeat; -webkit-mask-size: 10px;\\"></div></div><span class=\\"as-legend-size-bins-point--label\\">point label</span></div><div class=\\"as-legend-size-bins-point--step\\"><div class=\\"as-legend-size-bins-point--circle-wrapper\\" style=\\"height: 16px;\\"><div class=\\"as-legend-size-bins-point--circle\\" style=\\"height: 14px; width: 14px; -webkit-mask-image: url(\\"wadus\\"); -webkit-mask-position: center center; -webkit-mask-repeat: no-repeat; -webkit-mask-size: 12px;\\"></div></div><span class=\\"as-legend-size-bins-point--label\\">line label</span></div><div class=\\"as-legend-size-bins-point--step\\"><div class=\\"as-legend-size-bins-point--circle-wrapper\\" style=\\"height: 16px;\\"><div class=\\"as-legend-size-bins-point--circle\\" style=\\"height: 16px; width: 16px; -webkit-mask-image: url(\\"wadus\\"); -webkit-mask-position: center center; -webkit-mask-repeat: no-repeat; -webkit-mask-size: 14px;\\"></div></div><span class=\\"as-legend-size-bins-point--label\\">polygon label</span></div></div></as-legend-size-bins-point>"`;
