// Jest Snapshot v1, https://goo.gl/fbAQLP

exports[`as-category-widget Rendering should format display value when formatValue prop is present 1`] = `"<as-category-widget class=\\"hydrated\\"><as-widget-header is-empty=\\"\\" no-data-message=\\"NO DATA AVAILABLE\\" class=\\"hydrated\\"><h2 class=\\"as-widget-header__header\\"></h2><p class=\\"as-widget-header__subheader as-widget-header__subheader--empty as-body\\">NO DATA AVAILABLE</p></as-widget-header><p class=\\"content as-body\\">There is no data to display.</p></as-category-widget>"`;

exports[`as-category-widget Rendering should render bars according to total value 1`] = `"<as-category-widget class=\\"hydrated\\"><as-widget-header no-data-message=\\"NO DATA AVAILABLE\\" class=\\"hydrated\\"><h2 class=\\"as-widget-header__header\\"></h2><p class=\\"as-widget-header__subheader as-body\\"></p></as-widget-header><ul class=\\"as-category-widget__list\\"><li class=\\"as-category-widget__category\\"><p class=\\"as-category-widget__info as-body\\"></p><div class=\\"as-category-widget__title\\">Bars &amp; Restaurants</div> 1.0K<p></p><div class=\\"as-category-widget__bar\\"><div class=\\"as-category-widget__bar-value\\" style=\\"background-color: rgb(250, 186, 218); width: 16.3934%;\\"></div></div></li><li class=\\"as-category-widget__category\\"><p class=\\"as-category-widget__info as-body\\"></p><div class=\\"as-category-widget__title\\">Fashion</div>   900<p></p><div class=\\"as-category-widget__bar\\"><div class=\\"as-category-widget__bar-value\\" style=\\"background-color: var(--category-bar--color); width: 14.7541%;\\"></div></div></li><li class=\\"as-category-widget__category\\"><p class=\\"as-category-widget__info as-body\\"></p><div class=\\"as-category-widget__title\\">Grocery</div>   800<p></p><div class=\\"as-category-widget__bar\\"><div class=\\"as-category-widget__bar-value\\" style=\\"background-color: var(--category-bar--color); width: 13.1148%;\\"></div></div></li><li class=\\"as-category-widget__category\\"><p class=\\"as-category-widget__info as-body\\"></p><div class=\\"as-category-widget__title\\">Health</div>   400<p></p><div class=\\"as-category-widget__bar\\"><div class=\\"as-category-widget__bar-value\\" style=\\"background-color: var(--category-bar--color); width: 6.55738%;\\"></div></div></li><li class=\\"as-category-widget__category\\"><p class=\\"as-category-widget__info as-body\\"></p><div class=\\"as-category-widget__title\\">Shopping mall</div>   250<p></p><div class=\\"as-category-widget__bar\\"><div class=\\"as-category-widget__bar-value\\" style=\\"background-color: var(--category-bar--color); width: 4.09836%;\\"></div></div></li><li class=\\"as-category-widget__category\\"><p class=\\"as-category-widget__info as-body\\"></p><div class=\\"as-category-widget__title\\">Transportation</div> 1.6K<p></p><div class=\\"as-category-widget__bar\\"><div class=\\"as-category-widget__bar-value\\" style=\\"background-color: var(--category-bar--color); width: 25.4098%;\\"></div></div></li><li class=\\"as-category-widget__category\\"><p class=\\"as-category-widget__info as-body\\"></p><div class=\\"as-category-widget__title\\">Leisure</div> 1.2K<p></p><div class=\\"as-category-widget__bar\\"><div class=\\"as-category-widget__bar-value\\" style=\\"background-color: var(--category-bar--color); width: 19.6721%;\\"></div></div></li></ul><footer class=\\"as-category-widget__footer\\"><div class=\\"as-category-widget__count as-body\\">All selected</div></footer></as-category-widget>"`;

exports[`as-category-widget Rendering should render clear button 1`] = `"<as-category-widget class=\\"hydrated\\"><as-widget-header no-data-message=\\"NO DATA AVAILABLE\\" class=\\"hydrated\\"><h2 class=\\"as-widget-header__header\\"></h2><p class=\\"as-widget-header__subheader as-body\\"></p></as-widget-header><ul class=\\"as-category-widget__list\\"><li class=\\"as-category-widget__category\\"><p class=\\"as-category-widget__info as-body\\"></p><div class=\\"as-category-widget__title\\">Bars &amp; Restaurants</div> 1.0K<p></p><div class=\\"as-category-widget__bar\\"><div class=\\"as-category-widget__bar-value\\" style=\\"background-color: rgb(250, 186, 218); width: 64.5161%;\\"></div></div></li><li class=\\"as-category-widget__category\\"><p class=\\"as-category-widget__info as-body\\"></p><div class=\\"as-category-widget__title\\">Fashion</div>   900<p></p><div class=\\"as-category-widget__bar\\"><div class=\\"as-category-widget__bar-value\\" style=\\"background-color: var(--category-bar--color); width: 58.0645%;\\"></div></div></li><li class=\\"as-category-widget__category\\"><p class=\\"as-category-widget__info as-body\\"></p><div class=\\"as-category-widget__title\\">Grocery</div>   800<p></p><div class=\\"as-category-widget__bar\\"><div class=\\"as-category-widget__bar-value\\" style=\\"background-color: var(--category-bar--color); width: 51.6129%;\\"></div></div></li><li class=\\"as-category-widget__category\\"><p class=\\"as-category-widget__info as-body\\"></p><div class=\\"as-category-widget__title\\">Health</div>   400<p></p><div class=\\"as-category-widget__bar\\"><div class=\\"as-category-widget__bar-value\\" style=\\"background-color: var(--category-bar--color); width: 25.8065%;\\"></div></div></li><li class=\\"as-category-widget__category\\"><p class=\\"as-category-widget__info as-body\\"></p><div class=\\"as-category-widget__title\\">Shopping mall</div>   250<p></p><div class=\\"as-category-widget__bar\\"><div class=\\"as-category-widget__bar-value\\" style=\\"background-color: var(--category-bar--color); width: 16.129%;\\"></div></div></li><li class=\\"as-category-widget__category\\"><p class=\\"as-category-widget__info as-body\\"></p><div class=\\"as-category-widget__title\\">Transportation</div> 1.6K<p></p><div class=\\"as-category-widget__bar\\"><div class=\\"as-category-widget__bar-value\\" style=\\"background-color: var(--category-bar--color); width: 100%;\\"></div></div></li><li class=\\"as-category-widget__category\\"><p class=\\"as-category-widget__info as-body\\"></p><div class=\\"as-category-widget__title\\">Leisure</div> 1.2K<p></p><div class=\\"as-category-widget__bar\\"><div class=\\"as-category-widget__bar-value\\" style=\\"background-color: var(--category-bar--color); width: 77.4194%;\\"></div></div></li></ul><footer class=\\"as-category-widget__footer\\"><div class=\\"as-category-widget__count as-body\\">All selected</div><button class=\\"as-btn as-btn--primary as-btn--s as-category-widget__clear\\" disabled=\\"\\">Clear selection</button></footer></as-category-widget>"`;

exports[`as-category-widget Rendering should render properly 1`] = `"<as-category-widget class=\\"hydrated\\"><as-widget-header no-data-message=\\"NO DATA AVAILABLE\\" class=\\"hydrated\\"><h2 class=\\"as-widget-header__header\\">Category Widget Example</h2><p class=\\"as-widget-header__subheader as-body\\">Description for Category Widget</p></as-widget-header><ul class=\\"as-category-widget__list\\"><li class=\\"as-category-widget__category\\"><p class=\\"as-category-widget__info as-body\\"></p><div class=\\"as-category-widget__title\\">Bars &amp; Restaurants</div> 1.0K<p></p><div class=\\"as-category-widget__bar\\"><div class=\\"as-category-widget__bar-value\\" style=\\"background-color: rgb(250, 186, 218); width: 64.5161%;\\"></div></div></li><li class=\\"as-category-widget__category\\"><p class=\\"as-category-widget__info as-body\\"></p><div class=\\"as-category-widget__title\\">Fashion</div>   900<p></p><div class=\\"as-category-widget__bar\\"><div class=\\"as-category-widget__bar-value\\" style=\\"background-color: var(--category-bar--color); width: 58.0645%;\\"></div></div></li><li class=\\"as-category-widget__category\\"><p class=\\"as-category-widget__info as-body\\"></p><div class=\\"as-category-widget__title\\">Grocery</div>   800<p></p><div class=\\"as-category-widget__bar\\"><div class=\\"as-category-widget__bar-value\\" style=\\"background-color: var(--category-bar--color); width: 51.6129%;\\"></div></div></li><li class=\\"as-category-widget__category\\"><p class=\\"as-category-widget__info as-body\\"></p><div class=\\"as-category-widget__title\\">Health</div>   400<p></p><div class=\\"as-category-widget__bar\\"><div class=\\"as-category-widget__bar-value\\" style=\\"background-color: var(--category-bar--color); width: 25.8065%;\\"></div></div></li><li class=\\"as-category-widget__category\\"><p class=\\"as-category-widget__info as-body\\"></p><div class=\\"as-category-widget__title\\">Shopping mall</div>   250<p></p><div class=\\"as-category-widget__bar\\"><div class=\\"as-category-widget__bar-value\\" style=\\"background-color: var(--category-bar--color); width: 16.129%;\\"></div></div></li><li class=\\"as-category-widget__category\\"><p class=\\"as-category-widget__info as-body\\"></p><div class=\\"as-category-widget__title\\">Transportation</div> 1.6K<p></p><div class=\\"as-category-widget__bar\\"><div class=\\"as-category-widget__bar-value\\" style=\\"background-color: var(--category-bar--color); width: 100%;\\"></div></div></li><li class=\\"as-category-widget__category\\"><p class=\\"as-category-widget__info as-body\\"></p><div class=\\"as-category-widget__title\\">Leisure</div> 1.2K<p></p><div class=\\"as-category-widget__bar\\"><div class=\\"as-category-widget__bar-value\\" style=\\"background-color: var(--category-bar--color); width: 77.4194%;\\"></div></div></li></ul><footer class=\\"as-category-widget__footer\\"><div class=\\"as-category-widget__count as-body\\">All selected</div><button class=\\"as-btn as-btn--primary as-btn--s as-category-widget__clear\\" disabled=\\"\\">Clear selection</button></footer></as-category-widget>"`;
