// Jest Snapshot v1, https://goo.gl/fbAQLP

exports[`as-legend-category-point-entry Rendering basic points 1`] = `"<as-legend-category-point-entry><div class=\\"as-legend-category-point-entry--wrapper\\"><div class=\\"as-legend-category--figure--wrapper\\"><div class=\\"as-legend-category-point-entry--point as-legend-category-point-entry--symbol\\" style=\\"border: 1px dashed #C0C1D0; height: 18px; width: 18px; background-color: #FABADA;\\"></div></div><span class=\\"as-legend-category--label\\">Hello there</span></div></as-legend-category-point-entry>"`;

exports[`as-legend-category-point-entry Rendering markers 1`] = `"<as-legend-category-point-entry><div class=\\"as-legend-category-point-entry--wrapper\\"><div class=\\"as-legend-category--figure--wrapper\\"><div class=\\"as-legend-category-point-entry--symbol\\" style=\\"border: 1px dashed #C0C1D0; height: 20px; width: 20px; background-color: #FABADA; -webkit-mask-image: url(wadus.svg); -webkit-mask-position: center; -webkit-mask-repeat: no-repeat; -webkit-mask-size: 16px; mask-image: url(wadus.svg); mask-position: center; mask-repeat: no-repeat; mask-size: 16px;\\"></div></div><span class=\\"as-legend-category--label\\">Hello there</span></div></as-legend-category-point-entry>"`;
