// Jest Snapshot v1, https://goo.gl/fbAQLP

exports[`as-legend-category-point-entry Rendering basic points 1`] = `"<as-legend-category-point-entry class=\\"hydrated\\"><div class=\\"as-legend-category-point-entry--wrapper\\"><div class=\\"as-legend-category--figure--wrapper\\"><div class=\\"as-legend-category-point-entry--point as-legend-category-point-entry--symbol\\" style=\\"height: 18px; width: 18px; background-color: rgb(250, 186, 218); border: 1px dashed rgb(192, 193, 208);\\"></div></div><span class=\\"as-legend-category--label\\">Hello there</span></div></as-legend-category-point-entry>"`;

exports[`as-legend-category-point-entry Rendering markers 1`] = `"<as-legend-category-point-entry class=\\"hydrated\\"><div class=\\"as-legend-category-point-entry--wrapper\\"><div class=\\"as-legend-category--figure--wrapper\\"><div class=\\"as-legend-category-point-entry--symbol\\" style=\\"height: 20px; width: 20px; background-color: rgb(250, 186, 218); border: 1px dashed rgb(192, 193, 208); -webkit-mask-image: url(\\"wadus.svg\\"); -webkit-mask-position: center center; -webkit-mask-repeat: no-repeat; -webkit-mask-size: 16px;\\"></div></div><span class=\\"as-legend-category--label\\">Hello there</span></div></as-legend-category-point-entry>"`;
