// Jest Snapshot v1, https://goo.gl/fbAQLP

exports[`as-legend-color-bins-polygon Rendering basic 1`] = `"<as-legend-color-bins-polygon class=\\"hydrated\\"> <div class=\\"as-legend-color-bins-polygon--outer-wrapper as-legend-color-bins-polygon--vertical\\"><div class=\\"as-legend-color-bins-polygon--wrapper as-legend-color-bins-polygon--color\\"><div class=\\"as-legend-color-bins-polygon--step\\" style=\\"background: rgb(255, 0, 0);\\"></div><div class=\\"as-legend-color-bins-polygon--step\\" style=\\"background: rgb(0, 255, 0);\\"></div><div class=\\"as-legend-color-bins-polygon--step\\" style=\\"background: rgb(0, 0, 255);\\"></div></div><div class=\\"as-legend-color-bins-polygon--wrapper as-legend-color-bins-polygon--labels\\"><div class=\\"as-legend-color-bins-polygon--label\\"><span>point label</span></div><div class=\\"as-legend-color-bins-polygon--label\\"><span>line label</span></div><div class=\\"as-legend-color-bins-polygon--label\\"><span>polygon label</span></div></div></div></as-legend-color-bins-polygon>"`;

exports[`as-legend-color-bins-polygon Rendering basic horizontal 1`] = `"<as-legend-color-bins-polygon class=\\"hydrated\\"> <div class=\\"as-legend-color-bins-polygon--outer-wrapper as-legend-color-bins-polygon--horizontal\\"><div class=\\"as-legend-color-bins-polygon--wrapper as-legend-color-bins-polygon--color\\"><div class=\\"as-legend-color-bins-polygon--step\\" style=\\"background: rgb(255, 0, 0);\\"></div><div class=\\"as-legend-color-bins-polygon--step\\" style=\\"background: rgb(0, 255, 0);\\"></div><div class=\\"as-legend-color-bins-polygon--step\\" style=\\"background: rgb(0, 0, 255);\\"></div></div><div class=\\"as-legend-color-bins-polygon--wrapper as-legend-color-bins-polygon--labels\\"><div class=\\"as-legend-color-bins-polygon--label\\"><span>point label</span></div><div class=\\"as-legend-color-bins-polygon--label\\"><span>line label</span></div><div class=\\"as-legend-color-bins-polygon--label\\"><span>polygon label</span></div></div></div></as-legend-color-bins-polygon>"`;
