// Jest Snapshot v1, https://goo.gl/fbAQLP

exports[`as-legend-category Rendering should render mixed types of legend entries 1`] = `"<as-legend-category class=\\"hydrated\\"><div class=\\"as-legend-category--wrapper\\" style=\\"--as--basic--legend--figure-width: 16px;\\"><div class=\\"as-legend-category--entry\\"><as-legend-category-point-entry class=\\"hydrated\\"><div class=\\"as-legend-category-point-entry--wrapper\\"><div class=\\"as-legend-category--figure--wrapper\\"><div class=\\"as-legend-category-point-entry--point as-legend-category-point-entry--symbol\\" style=\\"background-color: rgb(255, 0, 0); border: 1px solid rgb(0, 255, 0); height: 18px; width: 18px;\\"></div></div><span class=\\"as-legend-category--label\\">point label</span></div></as-legend-category-point-entry></div><div class=\\"as-legend-category--entry\\"><as-legend-category-line-entry class=\\"hydrated\\"><div class=\\"as-legend-category-line-entry--wrapper\\"><div class=\\"as-legend-category--figure--wrapper\\"><div class=\\"as-legend-category-line-entry--line\\" style=\\"border-top: 1.5px solid rgb(255, 0, 0);\\"></div></div><span class=\\"as-legend-category--label\\">line label</span></div></as-legend-category-line-entry></div><div class=\\"as-legend-category--entry\\"><as-legend-category-line-entry class=\\"hydrated\\"><div class=\\"as-legend-category-line-entry--wrapper\\"><div class=\\"as-legend-category--figure--wrapper\\"><div class=\\"as-legend-category-line-entry--line\\" style=\\"border-top: 1.5px solid rgb(255, 0, 0);\\"></div></div><span class=\\"as-legend-category--label\\">polygon label</span></div></as-legend-category-line-entry></div></div></as-legend-category>"`;
