// Jest Snapshot v1, https://goo.gl/fbAQLP

exports[`as-legend-category Rendering should render mixed types of legend entries 1`] = `"<as-legend-category><div class=\\"as-legend-category--wrapper\\" style=\\"--as--basic--legend--figure-width: 16px;\\"><div class=\\"as-legend-category--entry\\"><as-legend-category-point-entry><div class=\\"as-legend-category-point-entry--wrapper\\"><div class=\\"as-legend-category--figure--wrapper\\"><div class=\\"as-legend-category-point-entry--point as-legend-category-point-entry--symbol\\" style=\\"background-color: #FF0000; border: 1px solid #00FF00; height: 18px; width: 18px;\\"></div></div><span class=\\"as-legend-category--label\\">point label</span></div></as-legend-category-point-entry></div><div class=\\"as-legend-category--entry\\"><as-legend-category-line-entry><div class=\\"as-legend-category-line-entry--wrapper\\"><div class=\\"as-legend-category--figure--wrapper\\"><div class=\\"as-legend-category-line-entry--line\\" style=\\"border-top-color: #FF0000; border-top-style: solid; border-top-width: 1.5;\\"></div></div><span class=\\"as-legend-category--label\\">line label</span></div></as-legend-category-line-entry></div><div class=\\"as-legend-category--entry\\"><as-legend-category-line-entry><div class=\\"as-legend-category-line-entry--wrapper\\"><div class=\\"as-legend-category--figure--wrapper\\"><div class=\\"as-legend-category-line-entry--line\\" style=\\"border-top-color: #FF0000; border-top-style: solid; border-top-width: 1.5;\\"></div></div><span class=\\"as-legend-category--label\\">polygon label</span></div></as-legend-category-line-entry></div></div></as-legend-category>"`;
