// Jest Snapshot v1, https://goo.gl/fbAQLP

exports[`as-legend-size-category-line Rendering basic 1`] = `"<as-legend-size-category-line class=\\"hydrated\\"> <div class=\\"as-legend-size-category-line--steps as-legend-size-category-line--vertical\\"><div class=\\"as-legend-size-category-line--step\\"><div class=\\"as-legend-size-category-line--line-wrapper\\" style=\\"width: 48px;\\"><div class=\\"as-legend-size-category-line--line\\" style=\\"height: 10px; width: 48px; border-top-style: solid; border-top-width: 10px;\\"></div></div><span class=\\"as-legend-size-category-line--label\\">point label</span></div><div class=\\"as-legend-size-category-line--step\\"><div class=\\"as-legend-size-category-line--line-wrapper\\" style=\\"width: 48px;\\"><div class=\\"as-legend-size-category-line--line\\" style=\\"height: 12px; width: 48px; border-top-style: solid; border-top-width: 12px;\\"></div></div><span class=\\"as-legend-size-category-line--label\\">line label</span></div><div class=\\"as-legend-size-category-line--step\\"><div class=\\"as-legend-size-category-line--line-wrapper\\" style=\\"width: 48px;\\"><div class=\\"as-legend-size-category-line--line\\" style=\\"height: 14px; width: 48px; border-top-style: solid; border-top-width: 14px;\\"></div></div><span class=\\"as-legend-size-category-line--label\\">polygon label</span></div></div></as-legend-size-category-line>"`;

exports[`as-legend-size-category-line Rendering basic horizontal 1`] = `"<as-legend-size-category-line class=\\"hydrated\\"> <div class=\\"as-legend-size-category-line--steps as-legend-size-category-line--horizontal\\"><div class=\\"as-legend-size-category-line--step\\"><div class=\\"as-legend-size-category-line--line-wrapper\\" style=\\"height: 48px;\\"><div class=\\"as-legend-size-category-line--line\\" style=\\"height: 10px; width: 48px; border-top-style: solid; border-top-width: 10px;\\"></div></div><span class=\\"as-legend-size-category-line--label\\">point label</span></div><div class=\\"as-legend-size-category-line--step\\"><div class=\\"as-legend-size-category-line--line-wrapper\\" style=\\"height: 48px;\\"><div class=\\"as-legend-size-category-line--line\\" style=\\"height: 12px; width: 48px; border-top-style: solid; border-top-width: 12px;\\"></div></div><span class=\\"as-legend-size-category-line--label\\">line label</span></div><div class=\\"as-legend-size-category-line--step\\"><div class=\\"as-legend-size-category-line--line-wrapper\\" style=\\"height: 48px;\\"><div class=\\"as-legend-size-category-line--line\\" style=\\"height: 14px; width: 48px; border-top-style: solid; border-top-width: 14px;\\"></div></div><span class=\\"as-legend-size-category-line--label\\">polygon label</span></div></div></as-legend-size-category-line>"`;

exports[`as-legend-size-category-line Rendering renders line styles 1`] = `"<as-legend-size-category-line class=\\"hydrated\\"> <div class=\\"as-legend-size-category-line--steps as-legend-size-category-line--vertical\\"><div class=\\"as-legend-size-category-line--step\\"><div class=\\"as-legend-size-category-line--line-wrapper\\" style=\\"width: 48px;\\"><div class=\\"as-legend-size-category-line--line\\" style=\\"height: 10px; width: 48px; border-top-style: dashed; border-top-width: 10px;\\"></div></div><span class=\\"as-legend-size-category-line--label\\">point label</span></div><div class=\\"as-legend-size-category-line--step\\"><div class=\\"as-legend-size-category-line--line-wrapper\\" style=\\"width: 48px;\\"><div class=\\"as-legend-size-category-line--line\\" style=\\"height: 12px; width: 48px; border-top-style: dotted; border-top-width: 12px;\\"></div></div><span class=\\"as-legend-size-category-line--label\\">line label</span></div><div class=\\"as-legend-size-category-line--step\\"><div class=\\"as-legend-size-category-line--line-wrapper\\" style=\\"width: 48px;\\"><div class=\\"as-legend-size-category-line--line\\" style=\\"height: 14px; width: 48px; border-top-style: dashed; border-top-width: 14px;\\"></div></div><span class=\\"as-legend-size-category-line--label\\">polygon label</span></div></div></as-legend-size-category-line>"`;
